[concrete] baseline: 2184 new cells, 0 gaps (expect 0)
[concrete] drop all 22 new-corridor children: 836 gaps (expect > 0)
[concrete] drop child 243: 1 gaps (expect > 0)
[concrete] drop child 654: 1 gaps (expect > 0)
[concrete] drop child 1029: 1 gaps (expect > 0)
[concrete] drop child 1048: 1 gaps (expect > 0)
[concrete] drop child 1325: 1 gaps (expect > 0)
[concrete] drop child 210: 1 gaps (expect > 0)
[concrete] drop child 457: 1 gaps (expect > 0)
[concrete] drop child 1230: 1 gaps (expect > 0)
[concrete] drop child 1272: 1 gaps (expect > 0)
[concrete] drop child 1139: 1 gaps (expect > 0)
[concrete] drop child 861: 1 gaps (expect > 0)
[concrete] drop child 1172: 1 gaps (expect > 0)
[concrete] drop child 1121: 1 gaps (expect > 0)
[concrete] drop child 1005: 1 gaps (expect > 0)
[concrete] drop child 1201: 1 gaps (expect > 0)
[concrete] drop child 903: 1 gaps (expect > 0)
[concrete] drop child 491: 1 gaps (expect > 0)
[concrete] drop child 5: 1 gaps (expect > 0)
[concrete] drop child 1257: 1 gaps (expect > 0)
[concrete] drop child 165: 1 gaps (expect > 0)
[concrete] move child 226 by (1,0): 1 gaps (expect > 0)
[concrete] move child 588 by (1,0): 1 gaps (expect > 0)
[concrete] move child 200 by (1,0): 1 gaps (expect > 0)
[concrete] move child 920 by (1,0): 1 gaps (expect > 0)
[concrete] move child 23 by (1,0): 1 gaps (expect > 0)
[concrete] move child 1004 by (1,0): 1 gaps (expect > 0)
[concrete] move child 643 by (1,0): 1 gaps (expect > 0)
[concrete] move child 430 by (1,0): 1 gaps (expect > 0)
[concrete] move child 813 by (1,0): 1 gaps (expect > 0)
[concrete] move child 515 by (1,0): 1 gaps (expect > 0)
[concrete] move child 712 by (1,0): 1 gaps (expect > 0)
[concrete] move child 730 by (1,0): 1 gaps (expect > 0)
[concrete] move child 770 by (1,0): 1 gaps (expect > 0)
[concrete] move child 1051 by (1,0): 1 gaps (expect > 0)
[concrete] move child 1306 by (1,0): 1 gaps (expect > 0)
[concrete] move child 156 by (1,0): 1 gaps (expect > 0)
[concrete] move child 697 by (1,0): 1 gaps (expect > 0)
[concrete] move child 183 by (1,0): 1 gaps (expect > 0)
[concrete] move child 1141 by (1,0): 1 gaps (expect > 0)
[concrete] move child 1101 by (1,0): 1 gaps (expect > 0)
[family] baseline: 3752 new cells, 0 gaps (expect 0)
[family] drop all 22 new-corridor children: 1628 gaps (expect > 0)
[family] drop child 598: 2 gaps (expect > 0)
[family] drop child 589: 2 gaps (expect > 0)
[family] drop child 936: 2 gaps (expect > 0)
[family] drop child 288: 2 gaps (expect > 0)
[family] drop child 632: 2 gaps (expect > 0)
[family] drop child 50: 2 gaps (expect > 0)
[family] drop child 755: 2 gaps (expect > 0)
[family] drop child 744: 2 gaps (expect > 0)
[family] drop child 944: 2 gaps (expect > 0)
[family] drop child 864: 2 gaps (expect > 0)
[family] drop child 185: 74 gaps (expect > 0)
[family] drop child 816: 2 gaps (expect > 0)
[family] drop child 1020: 2 gaps (expect > 0)
[family] drop child 238: 2 gaps (expect > 0)
[family] drop child 871: 2 gaps (expect > 0)
[family] drop child 1037: 2 gaps (expect > 0)
[family] drop child 1005: 2 gaps (expect > 0)
[family] drop child 815: 2 gaps (expect > 0)
[family] drop child 1074: 2 gaps (expect > 0)
[family] drop child 529: 2 gaps (expect > 0)
[family] move child 860 by (1,0): 2 gaps (expect > 0)
[family] move child 981 by (1,0): 2 gaps (expect > 0)
[family] move child 1050 by (1,0): 2 gaps (expect > 0)
[family] move child 1060 by (1,0): 2 gaps (expect > 0)
[family] move child 51 by (1,0): 2 gaps (expect > 0)
[family] move child 459 by (1,0): 2 gaps (expect > 0)
[family] move child 264 by (1,0): 2 gaps (expect > 0)
[family] move child 100 by (1,0): 2 gaps (expect > 0)
[family] move child 1071 by (1,0): 2 gaps (expect > 0)
[family] move child 210 by (1,0): 2 gaps (expect > 0)
[family] move child 879 by (1,0): 2 gaps (expect > 0)
[family] move child 962 by (1,0): 2 gaps (expect > 0)
[family] move child 291 by (1,0): 2 gaps (expect > 0)
[family] move child 987 by (1,0): 2 gaps (expect > 0)
[family] move child 468 by (1,0): 2 gaps (expect > 0)
[family] move child 249 by (1,0): 2 gaps (expect > 0)
[family] move child 935 by (1,0): 2 gaps (expect > 0)
[family] move child 961 by (1,0): 2 gaps (expect > 0)
[family] move child 514 by (1,0): 2 gaps (expect > 0)
[family] move child 823 by (1,0): 2 gaps (expect > 0)
MUTATION TEST: PASS (0 unexpected outcomes)
