'TwoBlack.corridor' depends on axioms: [propext, Quot.sound]
'TwoBlack.corridor_succ' depends on axioms: [propext, Quot.sound]
'TwoBlack.corridor_family' depends on axioms: [propext, Quot.sound]
'TwoBlack.check1_sound' depends on axioms: [propext, Classical.choice, Quot.sound]
'TwoBlack.descent' depends on axioms: [propext, Quot.sound]
'TwoBlack.check0_sound' depends on axioms: [propext, Classical.choice, Quot.sound]
'TwoBlack.level1_families_reach' depends on axioms: [propext,
 Classical.choice,
 Quot.sound,
 TwoBlack.level1_checks._native.native_decide.ax_1_1]
'TwoBlack.one_black' depends on axioms: [propext,
 Classical.choice,
 Quot.sound,
 TwoBlack.blank_check._native.native_decide.ax_1_1]
'TwoBlack.two_black_of' depends on axioms: [propext,
 Classical.choice,
 Quot.sound,
 TwoBlack.blank_check._native.native_decide.ax_1_1,
 TwoBlack.blank_reaches._native.native_decide.ax_1_1]
'TwoBlack.channelParentsOK_of' depends on axioms: [propext,
 Classical.choice,
 Quot.sound,
 TwoBlack.blank_check._native.native_decide.ax_1_1,
 TwoBlack.level1_checks._native.native_decide.ax_1_1]
'TwoBlack.concreteParentsOK' depends on axioms: [propext,
 Classical.choice,
 Quot.sound,
 TwoBlack.chunk0_ok._native.native_decide.ax_1_1,
 TwoBlack.chunk10_ok._native.native_decide.ax_1_1,
 TwoBlack.chunk11_ok._native.native_decide.ax_1_1,
 TwoBlack.chunk12_ok._native.native_decide.ax_1_1,
 TwoBlack.chunk13_ok._native.native_decide.ax_1_1,
 TwoBlack.chunk14_ok._native.native_decide.ax_1_1,
 TwoBlack.chunk15_ok._native.native_decide.ax_1_1,
 TwoBlack.chunk16_ok._native.native_decide.ax_1_1,
 TwoBlack.chunk17_ok._native.native_decide.ax_1_1,
 TwoBlack.chunk18_ok._native.native_decide.ax_1_1,
 TwoBlack.chunk19_ok._native.native_decide.ax_1_1,
 TwoBlack.chunk1_ok._native.native_decide.ax_1_1,
 TwoBlack.chunk20_ok._native.native_decide.ax_1_1,
 TwoBlack.chunk21_ok._native.native_decide.ax_1_1,
 TwoBlack.chunk22_ok._native.native_decide.ax_1_1,
 TwoBlack.chunk23_ok._native.native_decide.ax_1_1,
 TwoBlack.chunk24_ok._native.native_decide.ax_1_1,
 TwoBlack.chunk25_ok._native.native_decide.ax_1_1,
 TwoBlack.chunk26_ok._native.native_decide.ax_1_1,
 TwoBlack.chunk27_ok._native.native_decide.ax_1_1,
 TwoBlack.chunk28_ok._native.native_decide.ax_1_1,
 TwoBlack.chunk29_ok._native.native_decide.ax_1_1,
 TwoBlack.chunk2_ok._native.native_decide.ax_1_1,
 TwoBlack.chunk30_ok._native.native_decide.ax_1_1,
 TwoBlack.chunk31_ok._native.native_decide.ax_1_1,
 TwoBlack.chunk3_ok._native.native_decide.ax_1_1,
 TwoBlack.chunk4_ok._native.native_decide.ax_1_1,
 TwoBlack.chunk5_ok._native.native_decide.ax_1_1,
 TwoBlack.chunk6_ok._native.native_decide.ax_1_1,
 TwoBlack.chunk7_ok._native.native_decide.ax_1_1,
 TwoBlack.chunk8_ok._native.native_decide.ax_1_1,
 TwoBlack.chunk9_ok._native.native_decide.ax_1_1,
 TwoBlack.cover_ok._native.native_decide.ax_1_1]
'TwoBlack.two_black' depends on axioms: [propext,
 Classical.choice,
 Quot.sound,
 TwoBlack.blank_check._native.native_decide.ax_1_1,
 TwoBlack.blank_reaches._native.native_decide.ax_1_1,
 TwoBlack.chunk0_ok._native.native_decide.ax_1_1,
 TwoBlack.chunk10_ok._native.native_decide.ax_1_1,
 TwoBlack.chunk11_ok._native.native_decide.ax_1_1,
 TwoBlack.chunk12_ok._native.native_decide.ax_1_1,
 TwoBlack.chunk13_ok._native.native_decide.ax_1_1,
 TwoBlack.chunk14_ok._native.native_decide.ax_1_1,
 TwoBlack.chunk15_ok._native.native_decide.ax_1_1,
 TwoBlack.chunk16_ok._native.native_decide.ax_1_1,
 TwoBlack.chunk17_ok._native.native_decide.ax_1_1,
 TwoBlack.chunk18_ok._native.native_decide.ax_1_1,
 TwoBlack.chunk19_ok._native.native_decide.ax_1_1,
 TwoBlack.chunk1_ok._native.native_decide.ax_1_1,
 TwoBlack.chunk20_ok._native.native_decide.ax_1_1,
 TwoBlack.chunk21_ok._native.native_decide.ax_1_1,
 TwoBlack.chunk22_ok._native.native_decide.ax_1_1,
 TwoBlack.chunk23_ok._native.native_decide.ax_1_1,
 TwoBlack.chunk24_ok._native.native_decide.ax_1_1,
 TwoBlack.chunk25_ok._native.native_decide.ax_1_1,
 TwoBlack.chunk26_ok._native.native_decide.ax_1_1,
 TwoBlack.chunk27_ok._native.native_decide.ax_1_1,
 TwoBlack.chunk28_ok._native.native_decide.ax_1_1,
 TwoBlack.chunk29_ok._native.native_decide.ax_1_1,
 TwoBlack.chunk2_ok._native.native_decide.ax_1_1,
 TwoBlack.chunk30_ok._native.native_decide.ax_1_1,
 TwoBlack.chunk31_ok._native.native_decide.ax_1_1,
 TwoBlack.chunk3_ok._native.native_decide.ax_1_1,
 TwoBlack.chunk4_ok._native.native_decide.ax_1_1,
 TwoBlack.chunk5_ok._native.native_decide.ax_1_1,
 TwoBlack.chunk6_ok._native.native_decide.ax_1_1,
 TwoBlack.chunk7_ok._native.native_decide.ax_1_1,
 TwoBlack.chunk8_ok._native.native_decide.ax_1_1,
 TwoBlack.chunk9_ok._native.native_decide.ax_1_1,
 TwoBlack.cover_ok._native.native_decide.ax_1_1]
'TwoBlack.two_black'' depends on axioms: [propext,
 Classical.choice,
 Quot.sound,
 TwoBlack.blank_check._native.native_decide.ax_1_1,
 TwoBlack.blank_reaches._native.native_decide.ax_1_1,
 TwoBlack.chan0_ok._native.native_decide.ax_1_1,
 TwoBlack.chan10_ok._native.native_decide.ax_1_1,
 TwoBlack.chan11_ok._native.native_decide.ax_1_1,
 TwoBlack.chan12_ok._native.native_decide.ax_1_1,
 TwoBlack.chan13_ok._native.native_decide.ax_1_1,
 TwoBlack.chan14_ok._native.native_decide.ax_1_1,
 TwoBlack.chan15_ok._native.native_decide.ax_1_1,
 TwoBlack.chan16_ok._native.native_decide.ax_1_1,
 TwoBlack.chan17_ok._native.native_decide.ax_1_1,
 TwoBlack.chan18_ok._native.native_decide.ax_1_1,
 TwoBlack.chan19_ok._native.native_decide.ax_1_1,
 TwoBlack.chan1_ok._native.native_decide.ax_1_1,
 TwoBlack.chan20_ok._native.native_decide.ax_1_1,
 TwoBlack.chan21_ok._native.native_decide.ax_1_1,
 TwoBlack.chan2_ok._native.native_decide.ax_1_1,
 TwoBlack.chan3_ok._native.native_decide.ax_1_1,
 TwoBlack.chan4_ok._native.native_decide.ax_1_1,
 TwoBlack.chan5_ok._native.native_decide.ax_1_1,
 TwoBlack.chan6_ok._native.native_decide.ax_1_1,
 TwoBlack.chan7_ok._native.native_decide.ax_1_1,
 TwoBlack.chan8_ok._native.native_decide.ax_1_1,
 TwoBlack.chan9_ok._native.native_decide.ax_1_1,
 TwoBlack.chunk0_ok._native.native_decide.ax_1_1,
 TwoBlack.chunk10_ok._native.native_decide.ax_1_1,
 TwoBlack.chunk11_ok._native.native_decide.ax_1_1,
 TwoBlack.chunk12_ok._native.native_decide.ax_1_1,
 TwoBlack.chunk13_ok._native.native_decide.ax_1_1,
 TwoBlack.chunk14_ok._native.native_decide.ax_1_1,
 TwoBlack.chunk15_ok._native.native_decide.ax_1_1,
 TwoBlack.chunk16_ok._native.native_decide.ax_1_1,
 TwoBlack.chunk17_ok._native.native_decide.ax_1_1,
 TwoBlack.chunk18_ok._native.native_decide.ax_1_1,
 TwoBlack.chunk19_ok._native.native_decide.ax_1_1,
 TwoBlack.chunk1_ok._native.native_decide.ax_1_1,
 TwoBlack.chunk20_ok._native.native_decide.ax_1_1,
 TwoBlack.chunk21_ok._native.native_decide.ax_1_1,
 TwoBlack.chunk22_ok._native.native_decide.ax_1_1,
 TwoBlack.chunk23_ok._native.native_decide.ax_1_1,
 TwoBlack.chunk24_ok._native.native_decide.ax_1_1,
 TwoBlack.chunk25_ok._native.native_decide.ax_1_1,
 TwoBlack.chunk26_ok._native.native_decide.ax_1_1,
 TwoBlack.chunk27_ok._native.native_decide.ax_1_1,
 TwoBlack.chunk28_ok._native.native_decide.ax_1_1,
 TwoBlack.chunk29_ok._native.native_decide.ax_1_1,
 TwoBlack.chunk2_ok._native.native_decide.ax_1_1,
 TwoBlack.chunk30_ok._native.native_decide.ax_1_1,
 TwoBlack.chunk31_ok._native.native_decide.ax_1_1,
 TwoBlack.chunk3_ok._native.native_decide.ax_1_1,
 TwoBlack.chunk4_ok._native.native_decide.ax_1_1,
 TwoBlack.chunk5_ok._native.native_decide.ax_1_1,
 TwoBlack.chunk6_ok._native.native_decide.ax_1_1,
 TwoBlack.chunk7_ok._native.native_decide.ax_1_1,
 TwoBlack.chunk8_ok._native.native_decide.ax_1_1,
 TwoBlack.chunk9_ok._native.native_decide.ax_1_1,
 TwoBlack.cover_ok._native.native_decide.ax_1_1,
 TwoBlack.level1_checks._native.native_decide.ax_1_1]
'TwoBlack.perp_succ' depends on axioms: [propext, Classical.choice, Quot.sound]
'TwoBlack.perp_family' depends on axioms: [propext, Classical.choice, Quot.sound]
'TwoBlack.check2p_sound' depends on axioms: [propext, Classical.choice, Quot.sound]
'TwoBlack.two_black''' depends on axioms: [propext,
 Classical.choice,
 Quot.sound,
 TwoBlack.blank_check._native.native_decide.ax_1_1,
 TwoBlack.blank_reaches._native.native_decide.ax_1_1,
 TwoBlack.chan0_ok._native.native_decide.ax_1_1,
 TwoBlack.chan10_ok._native.native_decide.ax_1_1,
 TwoBlack.chan11_ok._native.native_decide.ax_1_1,
 TwoBlack.chan12_ok._native.native_decide.ax_1_1,
 TwoBlack.chan13_ok._native.native_decide.ax_1_1,
 TwoBlack.chan14_ok._native.native_decide.ax_1_1,
 TwoBlack.chan15_ok._native.native_decide.ax_1_1,
 TwoBlack.chan16_ok._native.native_decide.ax_1_1,
 TwoBlack.chan17_ok._native.native_decide.ax_1_1,
 TwoBlack.chan18_ok._native.native_decide.ax_1_1,
 TwoBlack.chan19_ok._native.native_decide.ax_1_1,
 TwoBlack.chan1_ok._native.native_decide.ax_1_1,
 TwoBlack.chan20_ok._native.native_decide.ax_1_1,
 TwoBlack.chan21_ok._native.native_decide.ax_1_1,
 TwoBlack.chan2_ok._native.native_decide.ax_1_1,
 TwoBlack.chan3_ok._native.native_decide.ax_1_1,
 TwoBlack.chan4_ok._native.native_decide.ax_1_1,
 TwoBlack.chan5_ok._native.native_decide.ax_1_1,
 TwoBlack.chan6_ok._native.native_decide.ax_1_1,
 TwoBlack.chan7_ok._native.native_decide.ax_1_1,
 TwoBlack.chan8_ok._native.native_decide.ax_1_1,
 TwoBlack.chan9_ok._native.native_decide.ax_1_1,
 TwoBlack.chunk0_ok._native.native_decide.ax_1_1,
 TwoBlack.chunk10_ok._native.native_decide.ax_1_1,
 TwoBlack.chunk11_ok._native.native_decide.ax_1_1,
 TwoBlack.chunk12_ok._native.native_decide.ax_1_1,
 TwoBlack.chunk13_ok._native.native_decide.ax_1_1,
 TwoBlack.chunk14_ok._native.native_decide.ax_1_1,
 TwoBlack.chunk15_ok._native.native_decide.ax_1_1,
 TwoBlack.chunk16_ok._native.native_decide.ax_1_1,
 TwoBlack.chunk17_ok._native.native_decide.ax_1_1,
 TwoBlack.chunk18_ok._native.native_decide.ax_1_1,
 TwoBlack.chunk19_ok._native.native_decide.ax_1_1,
 TwoBlack.chunk1_ok._native.native_decide.ax_1_1,
 TwoBlack.chunk20_ok._native.native_decide.ax_1_1,
 TwoBlack.chunk21_ok._native.native_decide.ax_1_1,
 TwoBlack.chunk22_ok._native.native_decide.ax_1_1,
 TwoBlack.chunk23_ok._native.native_decide.ax_1_1,
 TwoBlack.chunk24_ok._native.native_decide.ax_1_1,
 TwoBlack.chunk25_ok._native.native_decide.ax_1_1,
 TwoBlack.chunk26_ok._native.native_decide.ax_1_1,
 TwoBlack.chunk27_ok._native.native_decide.ax_1_1,
 TwoBlack.chunk28_ok._native.native_decide.ax_1_1,
 TwoBlack.chunk29_ok._native.native_decide.ax_1_1,
 TwoBlack.chunk2_ok._native.native_decide.ax_1_1,
 TwoBlack.chunk30_ok._native.native_decide.ax_1_1,
 TwoBlack.chunk31_ok._native.native_decide.ax_1_1,
 TwoBlack.chunk3_ok._native.native_decide.ax_1_1,
 TwoBlack.chunk4_ok._native.native_decide.ax_1_1,
 TwoBlack.chunk5_ok._native.native_decide.ax_1_1,
 TwoBlack.chunk6_ok._native.native_decide.ax_1_1,
 TwoBlack.chunk7_ok._native.native_decide.ax_1_1,
 TwoBlack.chunk8_ok._native.native_decide.ax_1_1,
 TwoBlack.chunk9_ok._native.native_decide.ax_1_1,
 TwoBlack.cover_ok._native.native_decide.ax_1_1,
 TwoBlack.level1_checks._native.native_decide.ax_1_1,
 TwoBlack.perp_covered._native.native_decide.ax_1_1]
'TwoBlack.par_succ' depends on axioms: [propext, Classical.choice, Quot.sound]
'TwoBlack.par_family' depends on axioms: [propext, Classical.choice, Quot.sound]
'TwoBlack.check2par_sound' depends on axioms: [propext, Classical.choice, Quot.sound]
'TwoBlack.two_black_final' depends on axioms: [propext,
 Classical.choice,
 Quot.sound,
 TwoBlack.blank_check._native.native_decide.ax_1_1,
 TwoBlack.blank_reaches._native.native_decide.ax_1_1,
 TwoBlack.chan0_ok._native.native_decide.ax_1_1,
 TwoBlack.chan10_ok._native.native_decide.ax_1_1,
 TwoBlack.chan11_ok._native.native_decide.ax_1_1,
 TwoBlack.chan12_ok._native.native_decide.ax_1_1,
 TwoBlack.chan13_ok._native.native_decide.ax_1_1,
 TwoBlack.chan14_ok._native.native_decide.ax_1_1,
 TwoBlack.chan15_ok._native.native_decide.ax_1_1,
 TwoBlack.chan16_ok._native.native_decide.ax_1_1,
 TwoBlack.chan17_ok._native.native_decide.ax_1_1,
 TwoBlack.chan18_ok._native.native_decide.ax_1_1,
 TwoBlack.chan19_ok._native.native_decide.ax_1_1,
 TwoBlack.chan1_ok._native.native_decide.ax_1_1,
 TwoBlack.chan20_ok._native.native_decide.ax_1_1,
 TwoBlack.chan21_ok._native.native_decide.ax_1_1,
 TwoBlack.chan2_ok._native.native_decide.ax_1_1,
 TwoBlack.chan3_ok._native.native_decide.ax_1_1,
 TwoBlack.chan4_ok._native.native_decide.ax_1_1,
 TwoBlack.chan5_ok._native.native_decide.ax_1_1,
 TwoBlack.chan6_ok._native.native_decide.ax_1_1,
 TwoBlack.chan7_ok._native.native_decide.ax_1_1,
 TwoBlack.chan8_ok._native.native_decide.ax_1_1,
 TwoBlack.chan9_ok._native.native_decide.ax_1_1,
 TwoBlack.chunk0_ok._native.native_decide.ax_1_1,
 TwoBlack.chunk10_ok._native.native_decide.ax_1_1,
 TwoBlack.chunk11_ok._native.native_decide.ax_1_1,
 TwoBlack.chunk12_ok._native.native_decide.ax_1_1,
 TwoBlack.chunk13_ok._native.native_decide.ax_1_1,
 TwoBlack.chunk14_ok._native.native_decide.ax_1_1,
 TwoBlack.chunk15_ok._native.native_decide.ax_1_1,
 TwoBlack.chunk16_ok._native.native_decide.ax_1_1,
 TwoBlack.chunk17_ok._native.native_decide.ax_1_1,
 TwoBlack.chunk18_ok._native.native_decide.ax_1_1,
 TwoBlack.chunk19_ok._native.native_decide.ax_1_1,
 TwoBlack.chunk1_ok._native.native_decide.ax_1_1,
 TwoBlack.chunk20_ok._native.native_decide.ax_1_1,
 TwoBlack.chunk21_ok._native.native_decide.ax_1_1,
 TwoBlack.chunk22_ok._native.native_decide.ax_1_1,
 TwoBlack.chunk23_ok._native.native_decide.ax_1_1,
 TwoBlack.chunk24_ok._native.native_decide.ax_1_1,
 TwoBlack.chunk25_ok._native.native_decide.ax_1_1,
 TwoBlack.chunk26_ok._native.native_decide.ax_1_1,
 TwoBlack.chunk27_ok._native.native_decide.ax_1_1,
 TwoBlack.chunk28_ok._native.native_decide.ax_1_1,
 TwoBlack.chunk29_ok._native.native_decide.ax_1_1,
 TwoBlack.chunk2_ok._native.native_decide.ax_1_1,
 TwoBlack.chunk30_ok._native.native_decide.ax_1_1,
 TwoBlack.chunk31_ok._native.native_decide.ax_1_1,
 TwoBlack.chunk3_ok._native.native_decide.ax_1_1,
 TwoBlack.chunk4_ok._native.native_decide.ax_1_1,
 TwoBlack.chunk5_ok._native.native_decide.ax_1_1,
 TwoBlack.chunk6_ok._native.native_decide.ax_1_1,
 TwoBlack.chunk7_ok._native.native_decide.ax_1_1,
 TwoBlack.chunk8_ok._native.native_decide.ax_1_1,
 TwoBlack.chunk9_ok._native.native_decide.ax_1_1,
 TwoBlack.cover_ok._native.native_decide.ax_1_1,
 TwoBlack.level1_checks._native.native_decide.ax_1_1,
 TwoBlack.par_covered._native.native_decide.ax_1_1,
 TwoBlack.perp_covered._native.native_decide.ax_1_1]
'TwoBlack.unroll' depends on axioms: [propext, Classical.choice, Quot.sound]
'TwoBlack.step_chain' depends on axioms: [propext, Quot.sound]
'TwoBlack.checkPart_sound' depends on axioms: [propext,
 Classical.choice,
 Quot.sound,
 TwoBlack.blank_check._native.native_decide.ax_1_1]
'TwoBlack.hpart_proved' depends on axioms: [propext,
 Classical.choice,
 Quot.sound,
 TwoBlack.blank_check._native.native_decide.ax_1_1,
 TwoBlack.part_checks._native.native_decide.ax_1_1]
'TwoBlack.theoremA' depends on axioms: [propext,
 Classical.choice,
 Quot.sound,
 TwoBlack.blank_check._native.native_decide.ax_1_1,
 TwoBlack.blank_reaches._native.native_decide.ax_1_1,
 TwoBlack.chan0_ok._native.native_decide.ax_1_1,
 TwoBlack.chan10_ok._native.native_decide.ax_1_1,
 TwoBlack.chan11_ok._native.native_decide.ax_1_1,
 TwoBlack.chan12_ok._native.native_decide.ax_1_1,
 TwoBlack.chan13_ok._native.native_decide.ax_1_1,
 TwoBlack.chan14_ok._native.native_decide.ax_1_1,
 TwoBlack.chan15_ok._native.native_decide.ax_1_1,
 TwoBlack.chan16_ok._native.native_decide.ax_1_1,
 TwoBlack.chan17_ok._native.native_decide.ax_1_1,
 TwoBlack.chan18_ok._native.native_decide.ax_1_1,
 TwoBlack.chan19_ok._native.native_decide.ax_1_1,
 TwoBlack.chan1_ok._native.native_decide.ax_1_1,
 TwoBlack.chan20_ok._native.native_decide.ax_1_1,
 TwoBlack.chan21_ok._native.native_decide.ax_1_1,
 TwoBlack.chan2_ok._native.native_decide.ax_1_1,
 TwoBlack.chan3_ok._native.native_decide.ax_1_1,
 TwoBlack.chan4_ok._native.native_decide.ax_1_1,
 TwoBlack.chan5_ok._native.native_decide.ax_1_1,
 TwoBlack.chan6_ok._native.native_decide.ax_1_1,
 TwoBlack.chan7_ok._native.native_decide.ax_1_1,
 TwoBlack.chan8_ok._native.native_decide.ax_1_1,
 TwoBlack.chan9_ok._native.native_decide.ax_1_1,
 TwoBlack.chunk0_ok._native.native_decide.ax_1_1,
 TwoBlack.chunk10_ok._native.native_decide.ax_1_1,
 TwoBlack.chunk11_ok._native.native_decide.ax_1_1,
 TwoBlack.chunk12_ok._native.native_decide.ax_1_1,
 TwoBlack.chunk13_ok._native.native_decide.ax_1_1,
 TwoBlack.chunk14_ok._native.native_decide.ax_1_1,
 TwoBlack.chunk15_ok._native.native_decide.ax_1_1,
 TwoBlack.chunk16_ok._native.native_decide.ax_1_1,
 TwoBlack.chunk17_ok._native.native_decide.ax_1_1,
 TwoBlack.chunk18_ok._native.native_decide.ax_1_1,
 TwoBlack.chunk19_ok._native.native_decide.ax_1_1,
 TwoBlack.chunk1_ok._native.native_decide.ax_1_1,
 TwoBlack.chunk20_ok._native.native_decide.ax_1_1,
 TwoBlack.chunk21_ok._native.native_decide.ax_1_1,
 TwoBlack.chunk22_ok._native.native_decide.ax_1_1,
 TwoBlack.chunk23_ok._native.native_decide.ax_1_1,
 TwoBlack.chunk24_ok._native.native_decide.ax_1_1,
 TwoBlack.chunk25_ok._native.native_decide.ax_1_1,
 TwoBlack.chunk26_ok._native.native_decide.ax_1_1,
 TwoBlack.chunk27_ok._native.native_decide.ax_1_1,
 TwoBlack.chunk28_ok._native.native_decide.ax_1_1,
 TwoBlack.chunk29_ok._native.native_decide.ax_1_1,
 TwoBlack.chunk2_ok._native.native_decide.ax_1_1,
 TwoBlack.chunk30_ok._native.native_decide.ax_1_1,
 TwoBlack.chunk31_ok._native.native_decide.ax_1_1,
 TwoBlack.chunk3_ok._native.native_decide.ax_1_1,
 TwoBlack.chunk4_ok._native.native_decide.ax_1_1,
 TwoBlack.chunk5_ok._native.native_decide.ax_1_1,
 TwoBlack.chunk6_ok._native.native_decide.ax_1_1,
 TwoBlack.chunk7_ok._native.native_decide.ax_1_1,
 TwoBlack.chunk8_ok._native.native_decide.ax_1_1,
 TwoBlack.chunk9_ok._native.native_decide.ax_1_1,
 TwoBlack.cover_ok._native.native_decide.ax_1_1,
 TwoBlack.level1_checks._native.native_decide.ax_1_1,
 TwoBlack.par_covered._native.native_decide.ax_1_1,
 TwoBlack.part_checks._native.native_decide.ax_1_1,
 TwoBlack.perp_covered._native.native_decide.ax_1_1]
