theoremA : ∀ (s : State), AtMostTwoBlack s → ReachesP104 s
'TwoBlack.theoremA' depends on axioms: [propext,
 Classical.choice,
 Quot.sound,
 blank_check._native.native_decide.ax_1_1,
 blank_reaches._native.native_decide.ax_1_1,
 chan0_ok._native.native_decide.ax_1_1,
 chan10_ok._native.native_decide.ax_1_1,
 chan11_ok._native.native_decide.ax_1_1,
 chan12_ok._native.native_decide.ax_1_1,
 chan13_ok._native.native_decide.ax_1_1,
 chan14_ok._native.native_decide.ax_1_1,
 chan15_ok._native.native_decide.ax_1_1,
 chan16_ok._native.native_decide.ax_1_1,
 chan17_ok._native.native_decide.ax_1_1,
 chan18_ok._native.native_decide.ax_1_1,
 chan19_ok._native.native_decide.ax_1_1,
 chan1_ok._native.native_decide.ax_1_1,
 chan20_ok._native.native_decide.ax_1_1,
 chan21_ok._native.native_decide.ax_1_1,
 chan2_ok._native.native_decide.ax_1_1,
 chan3_ok._native.native_decide.ax_1_1,
 chan4_ok._native.native_decide.ax_1_1,
 chan5_ok._native.native_decide.ax_1_1,
 chan6_ok._native.native_decide.ax_1_1,
 chan7_ok._native.native_decide.ax_1_1,
 chan8_ok._native.native_decide.ax_1_1,
 chan9_ok._native.native_decide.ax_1_1,
 chunk0_ok._native.native_decide.ax_1_1,
 chunk10_ok._native.native_decide.ax_1_1,
 chunk11_ok._native.native_decide.ax_1_1,
 chunk12_ok._native.native_decide.ax_1_1,
 chunk13_ok._native.native_decide.ax_1_1,
 chunk14_ok._native.native_decide.ax_1_1,
 chunk15_ok._native.native_decide.ax_1_1,
 chunk16_ok._native.native_decide.ax_1_1,
 chunk17_ok._native.native_decide.ax_1_1,
 chunk18_ok._native.native_decide.ax_1_1,
 chunk19_ok._native.native_decide.ax_1_1,
 chunk1_ok._native.native_decide.ax_1_1,
 chunk20_ok._native.native_decide.ax_1_1,
 chunk21_ok._native.native_decide.ax_1_1,
 chunk22_ok._native.native_decide.ax_1_1,
 chunk23_ok._native.native_decide.ax_1_1,
 chunk24_ok._native.native_decide.ax_1_1,
 chunk25_ok._native.native_decide.ax_1_1,
 chunk26_ok._native.native_decide.ax_1_1,
 chunk27_ok._native.native_decide.ax_1_1,
 chunk28_ok._native.native_decide.ax_1_1,
 chunk29_ok._native.native_decide.ax_1_1,
 chunk2_ok._native.native_decide.ax_1_1,
 chunk30_ok._native.native_decide.ax_1_1,
 chunk31_ok._native.native_decide.ax_1_1,
 chunk3_ok._native.native_decide.ax_1_1,
 chunk4_ok._native.native_decide.ax_1_1,
 chunk5_ok._native.native_decide.ax_1_1,
 chunk6_ok._native.native_decide.ax_1_1,
 chunk7_ok._native.native_decide.ax_1_1,
 chunk8_ok._native.native_decide.ax_1_1,
 chunk9_ok._native.native_decide.ax_1_1,
 cover_ok._native.native_decide.ax_1_1,
 level1_checks._native.native_decide.ax_1_1,
 par_covered._native.native_decide.ax_1_1,
 part_checks._native.native_decide.ax_1_1,
 perp_covered._native.native_decide.ax_1_1]
